{
    "version": 3,
    "sources": [
        "src/index.js",
        "src/lib/a.js",
        "src/lib/b.js"
    ],
    "names": [],
    "mappings": ";;AAAA;;AACA;;;;AAEA,OAAO,CAAC,GAAR,CAAY,eAAZ;AAEA,IAAM,CAAC,GAAG,IAAI,aAAJ,EAAV;AACA,IAAM,CAAC,GAAG,IAAI,aAAJ,CAAM,CAAN,CAAV;AAEA,CAAC,CAAC,KAAF;;;;;;;;;;;;;;ICRqB,C;AACnB,aAAY,CAAZ,EAAe;AAAA;;AACb,SAAK,CAAL,GAAS,CAAT;AACD;;;;4BAEO;AACN,WAAK,CAAL,CAAO,GAAP;AAEA,MAAA,OAAO,CAAC,GAAR,CAAY,OAAZ;AACD;;;;;;;;;;;;;;;;;;;;ICTkB,C;;;;;;;0BACb;AACJ,MAAA,OAAO,CAAC,GAAR,CAAY,KAAZ;AACD",
    "file": "compiled.js",
    "sourcesContent": [
        "import A from './lib/a'\nimport B from './lib/b'\n\nconsole.log('hi from index')\n\nconst b = new B()\nconst a = new A(b)\n\na.hello()\n",
        "export default class A {\n  constructor(b) {\n    this.b = b\n  }\n\n  hello() {\n    this.b.hey()\n\n    console.log('hello')\n  }\n}\n",
        "export default class B {\n  hey() {\n    console.log('hey')\n  }\n}\n"
    ]
}
