{
    "version": 3,
    "sources": [
        "src/index.js"
    ],
    "names": [
        "console",
        "log",
        "b",
        "B",
        "a",
        "A",
        "hello"
    ],
    "mappings": ";;AAAA;;AACA;;;;AAEAA,OAAO,CAACC,GAAR,CAAY,eAAZ;AAEA,MAAMC,CAAC,GAAG,IAAIC,UAAJ,EAAV;AACA,MAAMC,CAAC,GAAG,IAAIC,UAAJ,CAAMH,CAAN,CAAV;AAEAE,CAAC,CAACE,KAAF",
    "sourcesContent": [
        "import A from './lib/a'\nimport B from './lib/b'\n\nconsole.log('hi from index')\n\nconst b = new B()\nconst a = new A(b)\n\na.hello()\n"
    ],
    "file": "index.js"
}
